// Jest Snapshot v1, https://goo.gl/fbAQLP

exports[`PublicLink theming options should display the configuration theme general slogan as the login card footer 1`] = `
<div class="oc-login-card-footer">
  <p>
    some-slogan
  </p>
</div>
`;

exports[`PublicLink theming options should display the logo image inside login card 1`] = `<img alt="" aria-hidden="true" class="oc-login-logo">`;

exports[`PublicLink theming options should display the page title 1`] = `<h1 data-testid="public-link-page-title" class="oc-invisible-sr">some page title</h1>`;

exports[`PublicLink theming options should have the background image set 1`] = `
<div uk-height-viewport="" class="oc-login" style="background-image: url(some-image);">
  <h1 data-testid="public-link-page-title" class="oc-invisible-sr">some page title</h1>
  <div class="oc-login-card uk-position-center"><img alt="" aria-hidden="true" class="oc-login-logo">
    <div class="oc-login-card-body">
      <!---->
    </div>
    <div class="oc-login-card-footer">
      <p>
        some-slogan
      </p>
    </div>
  </div>
</div>
`;

exports[`PublicLink when the view is not loading anymore should display the error message if "errorMessage" is not empty 1`] = `
<h2 data-testid="public-link-error-message" class="oc-login-card-title">
  <translate-stub tag="span">An error occurred while loading the public link</translate-stub>
</h2>
`;

exports[`PublicLink when the view is not loading anymore when "passwordRequired" is set as true password input should have a computed label 1`] = `<oc-text-input-stub id="oc-textinput-3" type="password" clearbuttonaccessiblelabel="" label="Enter password for public link" class="oc-mb-s"></oc-text-input-stub>`;

exports[`PublicLink when the view is not loading anymore when "passwordRequired" is set as true should display the password required form 1`] = `
<form>
  <h2 class="oc-login-card-title">
    <translate-stub tag="span">This resource is password-protected.</translate-stub>
  </h2>
  <oc-text-input-stub id="oc-textinput-3" type="password" clearbuttonaccessiblelabel="" label="Enter password for public link" class="oc-mb-s"></oc-text-input-stub>
  <oc-button-stub type="button" disabled="true" size="medium" variation="primary" appearance="filled" justifycontent="center" gapsize="medium" class="oc-login-authorize-button">
    <translate-stub tag="span">Continue</translate-stub>
  </oc-button-stub>
</form>
`;

exports[`PublicLink when the view is still loading should display the loading text with the spinner 1`] = `
<div class="oc-login-card-body">
  <h2 data-testid="public-link-loading-text" class="oc-login-card-title">
    <translate-stub tag="span">Loading public linkâ€¦</translate-stub>
  </h2>
  <oc-spinner-stub arialabel="" size="medium" aria-hidden="true"></oc-spinner-stub>
</div>
`;
